Archive member included to satisfy reference by file (symbol)

c:/program files (x86)/atmel/studio/7.0/toolchain/avr8/avr8-gnu-toolchain/bin/../lib/gcc/avr/5.4.0/../../../../avr/lib/avrxmega6\libm.a(addsf3.o)
                              main.o (__subsf3)
c:/program files (x86)/atmel/studio/7.0/toolchain/avr8/avr8-gnu-toolchain/bin/../lib/gcc/avr/5.4.0/../../../../avr/lib/avrxmega6\libm.a(addsf3x.o)
                              c:/program files (x86)/atmel/studio/7.0/toolchain/avr8/avr8-gnu-toolchain/bin/../lib/gcc/avr/5.4.0/../../../../avr/lib/avrxmega6\libm.a(addsf3.o) (__addsf3x)
c:/program files (x86)/atmel/studio/7.0/toolchain/avr8/avr8-gnu-toolchain/bin/../lib/gcc/avr/5.4.0/../../../../avr/lib/avrxmega6\libm.a(cmpsf2.o)
                              NHD0420Driver.o (__eqsf2)
c:/program files (x86)/atmel/studio/7.0/toolchain/avr8/avr8-gnu-toolchain/bin/../lib/gcc/avr/5.4.0/../../../../avr/lib/avrxmega6\libm.a(divsf3.o)
                              main.o (__divsf3)
c:/program files (x86)/atmel/studio/7.0/toolchain/avr8/avr8-gnu-toolchain/bin/../lib/gcc/avr/5.4.0/../../../../avr/lib/avrxmega6\libm.a(divsf3x.o)
                              c:/program files (x86)/atmel/studio/7.0/toolchain/avr8/avr8-gnu-toolchain/bin/../lib/gcc/avr/5.4.0/../../../../avr/lib/avrxmega6\libm.a(divsf3.o) (__divsf3x)
c:/program files (x86)/atmel/studio/7.0/toolchain/avr8/avr8-gnu-toolchain/bin/../lib/gcc/avr/5.4.0/../../../../avr/lib/avrxmega6\libm.a(fixsfsi.o)
                              NHD0420Driver.o (__fixsfsi)
c:/program files (x86)/atmel/studio/7.0/toolchain/avr8/avr8-gnu-toolchain/bin/../lib/gcc/avr/5.4.0/../../../../avr/lib/avrxmega6\libm.a(fixunssfsi.o)
                              main.o (__fixunssfsi)
c:/program files (x86)/atmel/studio/7.0/toolchain/avr8/avr8-gnu-toolchain/bin/../lib/gcc/avr/5.4.0/../../../../avr/lib/avrxmega6\libm.a(floatsisf.o)
                              NHD0420Driver.o (__floatsisf)
c:/program files (x86)/atmel/studio/7.0/toolchain/avr8/avr8-gnu-toolchain/bin/../lib/gcc/avr/5.4.0/../../../../avr/lib/avrxmega6\libm.a(fp_cmp.o)
                              c:/program files (x86)/atmel/studio/7.0/toolchain/avr8/avr8-gnu-toolchain/bin/../lib/gcc/avr/5.4.0/../../../../avr/lib/avrxmega6\libm.a(cmpsf2.o) (__fp_cmp)
c:/program files (x86)/atmel/studio/7.0/toolchain/avr8/avr8-gnu-toolchain/bin/../lib/gcc/avr/5.4.0/../../../../avr/lib/avrxmega6\libm.a(fp_inf.o)
                              c:/program files (x86)/atmel/studio/7.0/toolchain/avr8/avr8-gnu-toolchain/bin/../lib/gcc/avr/5.4.0/../../../../avr/lib/avrxmega6\libm.a(addsf3x.o) (__fp_inf)
c:/program files (x86)/atmel/studio/7.0/toolchain/avr8/avr8-gnu-toolchain/bin/../lib/gcc/avr/5.4.0/../../../../avr/lib/avrxmega6\libm.a(fp_nan.o)
                              c:/program files (x86)/atmel/studio/7.0/toolchain/avr8/avr8-gnu-toolchain/bin/../lib/gcc/avr/5.4.0/../../../../avr/lib/avrxmega6\libm.a(addsf3x.o) (__fp_nan)
c:/program files (x86)/atmel/studio/7.0/toolchain/avr8/avr8-gnu-toolchain/bin/../lib/gcc/avr/5.4.0/../../../../avr/lib/avrxmega6\libm.a(fp_pscA.o)
                              c:/program files (x86)/atmel/studio/7.0/toolchain/avr8/avr8-gnu-toolchain/bin/../lib/gcc/avr/5.4.0/../../../../avr/lib/avrxmega6\libm.a(addsf3x.o) (__fp_pscA)
c:/program files (x86)/atmel/studio/7.0/toolchain/avr8/avr8-gnu-toolchain/bin/../lib/gcc/avr/5.4.0/../../../../avr/lib/avrxmega6\libm.a(fp_pscB.o)
                              c:/program files (x86)/atmel/studio/7.0/toolchain/avr8/avr8-gnu-toolchain/bin/../lib/gcc/avr/5.4.0/../../../../avr/lib/avrxmega6\libm.a(addsf3x.o) (__fp_pscB)
c:/program files (x86)/atmel/studio/7.0/toolchain/avr8/avr8-gnu-toolchain/bin/../lib/gcc/avr/5.4.0/../../../../avr/lib/avrxmega6\libm.a(fp_round.o)
                              c:/program files (x86)/atmel/studio/7.0/toolchain/avr8/avr8-gnu-toolchain/bin/../lib/gcc/avr/5.4.0/../../../../avr/lib/avrxmega6\libm.a(addsf3.o) (__fp_round)
c:/program files (x86)/atmel/studio/7.0/toolchain/avr8/avr8-gnu-toolchain/bin/../lib/gcc/avr/5.4.0/../../../../avr/lib/avrxmega6\libm.a(fp_split3.o)
                              c:/program files (x86)/atmel/studio/7.0/toolchain/avr8/avr8-gnu-toolchain/bin/../lib/gcc/avr/5.4.0/../../../../avr/lib/avrxmega6\libm.a(addsf3x.o) (__fp_split3)
c:/program files (x86)/atmel/studio/7.0/toolchain/avr8/avr8-gnu-toolchain/bin/../lib/gcc/avr/5.4.0/../../../../avr/lib/avrxmega6\libm.a(fp_zero.o)
                              c:/program files (x86)/atmel/studio/7.0/toolchain/avr8/avr8-gnu-toolchain/bin/../lib/gcc/avr/5.4.0/../../../../avr/lib/avrxmega6\libm.a(addsf3x.o) (__fp_zero)
c:/program files (x86)/atmel/studio/7.0/toolchain/avr8/avr8-gnu-toolchain/bin/../lib/gcc/avr/5.4.0/../../../../avr/lib/avrxmega6\libm.a(gesf2.o)
                              NHD0420Driver.o (__gesf2)
c:/program files (x86)/atmel/studio/7.0/toolchain/avr8/avr8-gnu-toolchain/bin/../lib/gcc/avr/5.4.0/../../../../avr/lib/avrxmega6\libm.a(mulsf3.o)
[...]
Memory Configuration

Name             Origin             Length             Attributes
text             0x00000000         0x00100000         xr
data             0x00802000         0x0000ffa0         rw !x
eeprom           0x00810000         0x00010000         rw !x
fuse             0x00820000         0x00000006         rw !x
lock             0x00830000         0x00000400         rw !x
signature        0x00840000         0x00000400         rw !x
user_signatures  0x00850000         0x00000400         rw !x
*default*        0x00000000         0xffffffff

Linker script and memory map

LOAD C:/Program Files (x86)/Atmel/Studio/7.0/Packs/atmel/XMEGAA_DFP/1.1.68/gcc/dev/atxmega128a3u/avrxmega6/crtatxmega128a3u.o
LOAD ButtonHandler.o
LOAD driver/clksys_driver.o
LOAD driver/pmic_driver.o
LOAD driver/port_driver.o
LOAD driver/TC_driver.o
LOAD errorHandler.o
LOAD FreeRTOS/croutine.o
LOAD FreeRTOS/event_groups.o
LOAD FreeRTOS/heap_1.o
LOAD FreeRTOS/list.o
LOAD FreeRTOS/port.o
LOAD FreeRTOS/queue.o
LOAD FreeRTOS/stream_buffer.o
LOAD FreeRTOS/tasks.o
LOAD FreeRTOS/timers.o
LOAD init.o
LOAD main.o
LOAD mem_check.o
LOAD NHD0420Driver.o
LOAD utils.o
START GROUP
LOAD c:/program files (x86)/atmel/studio/7.0/toolchain/avr8/avr8-gnu-toolchain/bin/../lib/gcc/avr/5.4.0/../../../../avr/lib/avrxmega6\libm.a
END GROUP
LOAD c:/program files (x86)/atmel/studio/7.0/toolchain/avr8/avr8-gnu-toolchain/bin/../lib/gcc/avr/5.4.0/../../../../avr/lib/avrxmega6\libprintf_flt.a
START GROUP
LOAD c:/program files (x86)/atmel/studio/7.0/toolchain/avr8/avr8-gnu-toolchain/bin/../lib/gcc/avr/5.4.0/avrxmega6\libgcc.a
LOAD c:/program files (x86)/atmel/studio/7.0/toolchain/avr8/avr8-gnu-toolchain/bin/../lib/gcc/avr/5.4.0/../../../../avr/lib/avrxmega6\libm.a
LOAD c:/program files (x86)/atmel/studio/7.0/toolchain/avr8/avr8-gnu-toolchain/bin/../lib/gcc/avr/5.4.0/../../../../avr/lib/avrxmega6\libc.a
LOAD C:/Program Files (x86)/Atmel/Studio/7.0/Packs/atmel/XMEGAA_DFP/1.1.68/gcc/dev/atxmega128a3u/avrxmega6\libatxmega128a3u.a
END GROUP
                0x00000000                __TEXT_REGION_ORIGIN__ = DEFINED (__TEXT_REGION_ORIGIN__)?__TEXT_REGION_ORIGIN__:0x0
                0x00802000                __DATA_REGION_ORIGIN__ = DEFINED (__DATA_REGION_ORIGIN__)?__DATA_REGION_ORIGIN__:0x802000
                0x00100000                __TEXT_REGION_LENGTH__ = DEFINED (__TEXT_REGION_LENGTH__)?__TEXT_REGION_LENGTH__:0x100000
                0x0000ffa0                __DATA_REGION_LENGTH__ = DEFINED (__DATA_REGION_LENGTH__)?__DATA_REGION_LENGTH__:0xffa0
                0x00010000                __EEPROM_REGION_LENGTH__ = DEFINED (__EEPROM_REGION_LENGTH__)?__EEPROM_REGION_LENGTH__:0x10000
                [0x00000006]                __FUSE_REGION_LENGTH__ = DEFINED (__FUSE_REGION_LENGTH__)?__FUSE_REGION_LENGTH__:0x400
                0x00000400                __LOCK_REGION_LENGTH__ = DEFINED (__LOCK_REGION_LENGTH__)?__LOCK_REGION_LENGTH__:0x400
                0x00000400                __SIGNATURE_REGION_LENGTH__ = DEFINED (__SIGNATURE_REGION_LENGTH__)?__SIGNATURE_REGION_LENGTH__:0x400
                0x00000400                __USER_SIGNATURE_REGION_LENGTH__ = DEFINED (__USER_SIGNATURE_REGION_LENGTH__)?__USER_SIGNATURE_REGION_LENGTH__:0x400

.hash
 *(.hash)

.dynsym
 *(.dynsym)

.dynstr
 *(.dynstr)

.gnu.version
 *(.gnu.version)

.gnu.version_d
 *(.gnu.version_d)

.gnu.version_r
 *(.gnu.version_r)

.rel.init
 *(.rel.init)

.rela.init
 *(.rela.init)

.rel.text
 *(.rel.text)
 *(.rel.text.*)
 *(.rel.gnu.linkonce.t*)

.rela.text
 *(.rela.text)
 *(.rela.text.*)
 *(.rela.gnu.linkonce.t*)

.rel.fini
 *(.rel.fini)

.rela.fini
 *(.rela.fini)

.rel.rodata
 *(.rel.rodata)
 *(.rel.rodata.*)
 *(.rel.gnu.linkonce.r*)

.rela.rodata
 *(.rela.rodata)
 *(.rela.rodata.*)
 *(.rela.gnu.linkonce.r*)

.rel.data
 *(.rel.data)
 *(.rel.data.*)
 *(.rel.gnu.linkonce.d*)

.rela.data
 *(.rela.data)
 *(.rela.data.*)
 *(.rela.gnu.linkonce.d*)

.rel.ctors
 *(.rel.ctors)

.rela.ctors
 *(.rela.ctors)

.rel.dtors
 *(.rel.dtors)

.rela.dtors
 *(.rela.dtors)

.rel.got
 *(.rel.got)

.rela.got
 *(.rela.got)

.rel.bss
 *(.rel.bss)

.rela.bss
 *(.rela.bss)

.rel.plt
 *(.rel.plt)

.rela.plt
 *(.rela.plt)

.text           0x00000000     0x56fa
 *(.vectors)
 .vectors       0x00000000      0x1fc C:/Program Files (x86)/Atmel/Studio/7.0/Packs/atmel/XMEGAA_DFP/1.1.68/gcc/dev/atxmega128a3u/avrxmega6/crtatxmega128a3u.o
                0x00000000                __vector_default
                0x00000000                __vectors
 *(.vectors)
 *(.progmem.gcc*)
 .progmem.gcc_sw_table.prvTimerTask
                0x000001fc       0x14 FreeRTOS/timers.o
 .progmem.gcc_fplib
                0x00000210       0x28 c:/program files (x86)/atmel/studio/7.0/toolchain/avr8/avr8-gnu-toolchain/bin/../lib/gcc/avr/5.4.0/../../../../avr/lib/avrxmega6\libm.a(exp.o)
 .progmem.gcc_fplib
                0x00000238       0x5a c:/program files (x86)/atmel/studio/7.0/toolchain/avr8/avr8-gnu-toolchain/bin/../lib/gcc/avr/5.4.0/../../../../avr/lib/avrxmega6\libm.a(log.o)
                0x00000292                . = ALIGN (0x2)
                0x00000292                __trampolines_start = .
 *(.trampolines)
 .trampolines   0x00000292       0x34 linker stubs
 *(.trampolines*)
                0x000002c6                __trampolines_end = .
 *libprintf_flt.a:*(.progmem.data)
 .progmem.data  0x000002c6        0x8 c:/program files (x86)/atmel/studio/7.0/toolchain/avr8/avr8-gnu-toolchain/bin/../lib/gcc/avr/5.4.0/../../../../avr/lib/avrxmega6\libprintf_flt.a(vfprintf_flt.o)
 *libc.a:*(.progmem.data)
 .progmem.data  0x000002ce       0xfa c:/program files (x86)/atmel/studio/7.0/toolchain/avr8/avr8-gnu-toolchain/bin/../lib/gcc/avr/5.4.0/../../../../avr/lib/avrxmega6\libc.a(ftoa_engine.o)
 *(.progmem*)
                0x000003c8                . = ALIGN (0x2)
 *(.jumptables)
 *(.jumptables*)
 *(.lowtext)
 *(.lowtext*)
                0x000003c8                __ctors_start = .
 *(.ctors)
                0x000003c8                __ctors_end = .
                0x000003c8                __dtors_start = .
 *(.dtors)
                0x000003c8                __dtors_end = .
 SORT(*)(.ctors)
 SORT(*)(.dtors)
 *(.init0)
 .init0         0x000003c8        0x0 C:/Program Files (x86)/Atmel/Studio/7.0/Packs/atmel/XMEGAA_DFP/1.1.68/gcc/dev/atxmega128a3u/avrxmega6/crtatxmega128a3u.o
                0x000003c8                __init
 *(.init0)
 *(.init1)
 *(.init1)
 *(.init2)
 .init2         0x000003c8       0x10 C:/Program Files (x86)/Atmel/Studio/7.0/Packs/atmel/XMEGAA_DFP/1.1.68/gcc/dev/atxmega128a3u/avrxmega6/crtatxmega128a3u.o
 *(.init2)
 *(.init3)
 .init3         0x000003d8       0x10 mem_check.o
                0x000003d8                init_mem
 *(.init3)
 *(.init4)
 .init4         0x000003e8       0x1a c:/program files (x86)/atmel/studio/7.0/toolchain/avr8/avr8-gnu-toolchain/bin/../lib/gcc/avr/5.4.0/avrxmega6\libgcc.a(_copy_data.o)
                0x000003e8                __do_copy_data
 .init4         0x00000402       0x10 c:/program files (x86)/atmel/studio/7.0/toolchain/avr8/avr8-gnu-toolchain/bin/../lib/gcc/avr/5.4.0/avrxmega6\libgcc.a(_clear_bss.o)
                0x00000402                __do_clear_bss
 *(.init4)
 *(.init5)
 *(.init5)
 *(.init6)
 *(.init6)
 *(.init7)
 *(.init7)
 *(.init8)
 *(.init8)
 *(.init9)
 .init9         0x00000412        0x8 C:/Program Files (x86)/Atmel/Studio/7.0/Packs/atmel/XMEGAA_DFP/1.1.68/gcc/dev/atxmega128a3u/avrxmega6/crtatxmega128a3u.o
 *(.init9)
 *(.text)
 .text          0x0000041a        0x4 C:/Program Files (x86)/Atmel/Studio/7.0/Packs/atmel/XMEGAA_DFP/1.1.68/gcc/dev/atxmega128a3u/avrxmega6/crtatxmega128a3u.o
                0x0000041a                __vector_38
                0x0000041a                __vector_104
                0x0000041a                __vector_22
                0x0000041a                __vector_63
                0x0000041a                __vector_28
                0x0000041a                __vector_67
                0x0000041a                __vector_1
                0x0000041a                __vector_119
                0x0000041a                __vector_32
                0x0000041a                __vector_75
                0x0000041a                __vector_71
                0x0000041a                __vector_91
                0x0000041a                __vector_34
                0x0000041a                __vector_62
                0x0000041a                __vector_77
                0x0000041a                __vector_102
                0x0000041a                __vector_24
                0x0000041a                __vector_12
                0x0000041a                __vector_55
                0x0000041a                __vector_69
                0x0000041a                __vector_81
                0x0000041a                __vector_90
                0x0000041a                __vector_46
                0x0000041a                __bad_interrupt
                0x0000041a                __vector_122
                0x0000041a                __vector_72
                0x0000041a                __vector_114
                0x0000041a                __vector_6
                0x0000041a                __vector_110
                0x0000041a                __vector_31
                0x0000041a                __vector_92
                0x0000041a                __vector_35
                0x0000041a                __vector_78
                0x0000041a                __vector_74
                0x0000041a                __vector_117
                0x0000041a                __vector_39
                0x0000041a                __vector_107
                0x0000041a                __vector_3
                0x0000041a                __vector_105
                0x0000041a                __vector_98
                0x0000041a                __vector_23
                0x0000041a                __vector_68
                0x0000041a                __vector_30
                0x0000041a                __vector_73
                0x0000041a                __vector_45
                0x0000041a                __vector_25
                0x0000041a                __vector_93
                0x0000041a                __vector_61
                0x0000041a                __vector_11
                0x0000041a                __vector_54
                0x0000041a                __vector_99
                0x0000041a                __vector_13
                0x0000041a                __vector_17
                0x0000041a                __vector_19
                0x0000041a                __vector_56
                0x0000041a                __vector_7
                0x0000041a                __vector_125
                0x0000041a                __vector_49
                0x0000041a                __vector_123
                0x0000041a                __vector_41
                0x0000041a                __vector_86
                0x0000041a                __vector_100
                0x0000041a                __vector_101
                0x0000041a                __vector_64
                0x0000041a                __vector_88
                0x0000041a                __vector_109
                0x0000041a                __vector_43
                0x0000041a                __vector_27
                0x0000041a                __vector_5
                0x0000041a                __vector_113
                0x0000041a                __vector_33
                0x0000041a                __vector_76
                0x0000041a                __vector_115
                0x0000041a                __vector_47
                0x0000041a                __vector_52
                0x0000041a                __vector_37
                0x0000041a                __vector_95
                0x0000041a                __vector_103
                0x0000041a                __vector_96
                0x0000041a                __vector_89
                0x0000041a                __vector_4
                0x0000041a                __vector_44
                0x0000041a                __vector_82
                0x0000041a                __vector_106
                0x0000041a                __vector_118
                0x0000041a                __vector_51
                0x0000041a                __vector_9
                0x0000041a                __vector_2
                0x0000041a                __vector_21
                0x0000041a                __vector_15
                0x0000041a                __vector_66
                0x0000041a                __vector_36
                0x0000041a                __vector_79
                0x0000041a                __vector_58
                0x0000041a                __vector_70
                0x0000041a                __vector_83
                0x0000041a                __vector_29
                0x0000041a                __vector_60
                0x0000041a                __vector_121
                0x0000041a                __vector_40
                0x0000041a                __vector_85
                0x0000041a                __vector_94
                0x0000041a                __vector_126
                0x0000041a                __vector_8
                0x0000041a                __vector_26
                0x0000041a                __vector_48
                0x0000041a                __vector_124
                0x0000041a                __vector_116
                0x0000041a                __vector_112
                0x0000041a                __vector_111
                0x0000041a                __vector_80
                0x0000041a                __vector_84
                0x0000041a                __vector_57
                0x0000041a                __vector_53
                0x0000041a                __vector_10
                0x0000041a                __vector_50
                0x0000041a                __vector_16
                0x0000041a                __vector_59
                0x0000041a                __vector_18
                0x0000041a                __vector_97
                0x0000041a                __vector_42
                0x0000041a                __vector_87
                0x0000041a                __vector_65
                0x0000041a                __vector_120
                0x0000041e                . = ALIGN (0x2)
 *(.text.*)
 .text.initButtons
                0x0000041e       0x16 ButtonHandler.o
                0x0000041e                initButtons
 .text.updateButtons
                0x00000434      0x14a ButtonHandler.o
                0x00000434                updateButtons
 .text.getButtonPress
                0x0000057e       0x2c ButtonHandler.o
                0x0000057e                getButtonPress
 .text.CCPWrite
                0x000005aa       0x2a driver/clksys_driver.o
                0x000005aa                CCPWrite
 .text.CLKSYS_XOSC_Config
                0x000005d4       0x14 driver/clksys_driver.o
                0x000005d4                CLKSYS_XOSC_Config
 .text.CLKSYS_PLL_Config
                0x000005e8        0xa driver/clksys_driver.o
                0x000005e8                CLKSYS_PLL_Config
 .text.CLKSYS_Disable
                0x000005f2       0x14 driver/clksys_driver.o
                0x000005f2                CLKSYS_Disable
 .text.CLKSYS_Prescalers_Config
                0x00000606        0xc driver/clksys_driver.o
                0x00000606                CLKSYS_Prescalers_Config
 .text.CLKSYS_Main_ClockSource_Select
                0x00000612       0x2a driver/clksys_driver.o
                0x00000612                CLKSYS_Main_ClockSource_Select
 .text.TC0_ConfigClockSource
                0x0000063c        0xc driver/TC_driver.o
                0x0000063c                TC0_ConfigClockSource
 .text.TC0_ConfigWGM
                0x00000648        0xc driver/TC_driver.o
                0x00000648                TC0_ConfigWGM
 .text.TC0_SetOverflowIntLevel
                0x00000654        0xc driver/TC_driver.o
                0x00000654                TC0_SetOverflowIntLevel
 .text.software_reset
                0x00000660        0xe errorHandler.o
                0x00000660                software_reset
 .text.vApplicationStackOverflowHook
                0x0000066e        0x6 errorHandler.o
                0x0000066e                vApplicationStackOverflowHook
 .text.xEventGroupCreate
                0x00000674       0x2a FreeRTOS/event_groups.o
                0x00000674                xEventGroupCreate
 .text.xEventGroupWaitBits
                0x0000069e      0x18a FreeRTOS/event_groups.o
                0x0000069e                xEventGroupWaitBits
 .text.xEventGroupClearBits
                0x00000828       0x42 FreeRTOS/event_groups.o
                0x00000828                xEventGroupClearBits
 .text.xEventGroupSetBits
                0x0000086a      0x124 FreeRTOS/event_groups.o
                0x0000086a                xEventGroupSetBits
 .text.vEventGroupSetBitsCallback
                0x0000098e        0x6 FreeRTOS/event_groups.o
                0x0000098e                vEventGroupSetBitsCallback
 .text.xEventGroupSetBitsFromISR
                0x00000994       0x1a FreeRTOS/event_groups.o
                0x00000994                xEventGroupSetBitsFromISR
 .text.pvPortMalloc
                0x000009ae       0x4c FreeRTOS/heap_1.o
                0x000009ae                pvPortMalloc
 .text.vPortFree
                0x000009fa        0x2 FreeRTOS/heap_1.o
                0x000009fa                vPortFree
 .text.vListInitialise
                0x000009fc       0x22 FreeRTOS/list.o
                0x000009fc                vListInitialise
 .text.vListInitialiseItem
                0x00000a1e        0x8 FreeRTOS/list.o
                0x00000a1e                vListInitialiseItem
 .text.vListInsertEnd
                0x00000a26       0x42 FreeRTOS/list.o
                0x00000a26                vListInsertEnd
 .text.vListInsert
                0x00000a68       0x7a FreeRTOS/list.o
                0x00000a68                vListInsert
 .text.uxListRemove
                0x00000ae2       0x4e FreeRTOS/list.o
                0x00000ae2                uxListRemove
 .text._portSetInterruptMaskFromIsr
                0x00000b30        0xe FreeRTOS/port.o
                0x00000b30                _portSetInterruptMaskFromIsr
 .text.pxPortInitialiseStack
                0x00000b3e       0xfa FreeRTOS/port.o
                0x00000b3e                pxPortInitialiseStack
 .text.xPortStartScheduler
                0x00000c38       0x80 FreeRTOS/port.o
                0x00000c38                xPortStartScheduler
 .text.vPortYield
                0x00000cb8       0xc2 FreeRTOS/port.o
                0x00000cb8                vPortYield
 .text.portTaskSwitchContext
                0x00000d7a       0x3e FreeRTOS/port.o
                0x00000d7a                portTaskSwitchContext
 .text.__vector_14
                0x00000db8       0xd2 FreeRTOS/port.o
                0x00000db8                __vector_14
 .text.prvIsQueueEmpty
                0x00000e8a       0x1e FreeRTOS/queue.o
 .text.prvIsQueueFull
                0x00000ea8       0x26 FreeRTOS/queue.o
 .text.prvCopyDataToQueue
                0x00000ece       0x92 FreeRTOS/queue.o
 .text.prvCopyDataFromQueue
                0x00000f60       0x34 FreeRTOS/queue.o
 .text.prvUnlockQueue
                0x00000f94       0xac FreeRTOS/queue.o
 .text.xQueueGenericReset
                0x00001040       0x82 FreeRTOS/queue.o
                0x00001040                xQueueGenericReset
 .text.xQueueGenericCreate
                0x000010c2       0x62 FreeRTOS/queue.o
                0x000010c2                xQueueGenericCreate
 .text.xQueueGenericSend
                0x00001124      0x14c FreeRTOS/queue.o
                0x00001124                xQueueGenericSend
 .text.xQueueGenericSendFromISR
                0x00001270       0x8a FreeRTOS/queue.o
                0x00001270                xQueueGenericSendFromISR
 .text.xQueueReceive
                0x000012fa      0x14c FreeRTOS/queue.o
                0x000012fa                xQueueReceive
 .text.uxQueueMessagesWaiting
                0x00001446       0x18 FreeRTOS/queue.o
                0x00001446                uxQueueMessagesWaiting
 .text.vQueueWaitForMessageRestricted
                0x0000145e       0x42 FreeRTOS/queue.o
                0x0000145e                vQueueWaitForMessageRestricted
 .text.prvResetNextTaskUnblockTime
                0x000014a0       0x54 FreeRTOS/tasks.o
 .text.prvAddCurrentTaskToDelayedList
                0x000014f4       0xee FreeRTOS/tasks.o
 .text.prvIdleTask
                0x000015e2       0x7c FreeRTOS/tasks.o
 .text.xTaskCreate
                0x0000165e      0x234 FreeRTOS/tasks.o
                0x0000165e                xTaskCreate
 .text.vTaskStartScheduler
                0x00001892       0x76 FreeRTOS/tasks.o
                0x00001892                vTaskStartScheduler
 .text.vTaskSuspendAll
                0x00001908        0xc FreeRTOS/tasks.o
                0x00001908                vTaskSuspendAll
 .text.xTaskGetTickCount
                0x00001914       0x24 FreeRTOS/tasks.o
                0x00001914                xTaskGetTickCount
 .text.xTaskIncrementTick
                0x00001938      0x1a6 FreeRTOS/tasks.o
                0x00001938                xTaskIncrementTick
 .text.xTaskResumeAll
                0x00001ade      0x104 FreeRTOS/tasks.o
                0x00001ade                xTaskResumeAll
 .text.vTaskDelay
                0x00001be2       0x38 FreeRTOS/tasks.o
                0x00001be2                vTaskDelay
 .text.vTaskSwitchContext
                0x00001c1a      0x11c FreeRTOS/tasks.o
                0x00001c1a                vTaskSwitchContext
 .text.vTaskPlaceOnEventList
                0x00001d36       0x30 FreeRTOS/tasks.o
                0x00001d36                vTaskPlaceOnEventList
 .text.vTaskPlaceOnUnorderedEventList
                0x00001d66       0x4a FreeRTOS/tasks.o
                0x00001d66                vTaskPlaceOnUnorderedEventList
 .text.vTaskPlaceOnEventListRestricted
                0x00001db0       0x42 FreeRTOS/tasks.o
                0x00001db0                vTaskPlaceOnEventListRestricted
 .text.xTaskRemoveFromEventList
                0x00001df2       0x84 FreeRTOS/tasks.o
                0x00001df2                xTaskRemoveFromEventList
 .text.vTaskRemoveFromUnorderedEventList
                0x00001e76       0x68 FreeRTOS/tasks.o
                0x00001e76                vTaskRemoveFromUnorderedEventList
 .text.vTaskInternalSetTimeOutState
                0x00001ede       0x22 FreeRTOS/tasks.o
                0x00001ede                vTaskInternalSetTimeOutState
 .text.xTaskCheckForTimeOut
                0x00001f00       0xbc FreeRTOS/tasks.o
                0x00001f00                xTaskCheckForTimeOut
 .text.vTaskMissedYield
                0x00001fbc        0x8 FreeRTOS/tasks.o
                0x00001fbc                vTaskMissedYield
 .text.xTaskGetSchedulerState
                0x00001fc4       0x1c FreeRTOS/tasks.o
                0x00001fc4                xTaskGetSchedulerState
 .text.uxTaskResetEventItemValue
                0x00001fe0       0x50 FreeRTOS/tasks.o
                0x00001fe0                uxTaskResetEventItemValue
 .text.xTaskNotifyWait
                0x00002030      0x126 FreeRTOS/tasks.o
                0x00002030                xTaskNotifyWait
 .text.xTaskGenericNotify
                0x00002156      0x12c FreeRTOS/tasks.o
                0x00002156                xTaskGenericNotify
 .text.xTaskGenericNotifyFromISR
                0x00002282      0x142 FreeRTOS/tasks.o
                0x00002282                xTaskGenericNotifyFromISR
 .text.prvInsertTimerInActiveList
                0x000023c4       0x92 FreeRTOS/timers.o
 .text.prvCheckForValidListAndQueue
                0x00002456       0x5a FreeRTOS/timers.o
 .text.xTimerCreateTimerTask
                0x000024b0       0x44 FreeRTOS/timers.o
                0x000024b0                xTimerCreateTimerTask
 .text.xTimerGenericCommand
                0x000024f4       0xb2 FreeRTOS/timers.o
                0x000024f4                xTimerGenericCommand
 .text.prvSampleTimeNow
                0x000025a6      0x130 FreeRTOS/timers.o
 .text.prvTimerTask
                0x000026d6      0x25e FreeRTOS/timers.o
 .text.xTimerPendFunctionCallFromISR
                0x00002934       0x4c FreeRTOS/timers.o
                0x00002934                xTimerPendFunctionCallFromISR
 .text.vInitClock
                0x00002980       0x70 init.o
                0x00002980                vInitClock
 .text.vLeibniz
                0x000029f0      0x1d2 main.o
                0x000029f0                vLeibniz
 .text.vKellalur
                0x00002bc2      0x202 main.o
                0x00002bc2                vKellalur
 .text.vSteuerTask
                0x00002dc4      0x5c0 main.o
                0x00002dc4                vSteuerTask
 .text.vGetTime
                0x00003384      0x188 main.o
                0x00003384                vGetTime
 .text.vButtonTask
                0x0000350c      0x136 main.o
                0x0000350c                vButtonTask
 .text.vApplicationIdleHook
                0x00003642        0x2 main.o
                0x00003642                vApplicationIdleHook
 .text.main     0x00003644      0x104 main.o
                0x00003644                main
 .text.__vector_20
                0x00003748       0x96 main.o
                0x00003748                __vector_20
 .text.__vector_108
                0x000037de       0x86 NHD0420Driver.o
                0x000037de                __vector_108
 .text.delayUS  0x00003864       0xe6 NHD0420Driver.o
                0x00003864                delayUS
 .text.setPort  0x0000394a       0x1a NHD0420Driver.o
                0x0000394a                setPort
 .text.Nybble   0x00003964       0x24 NHD0420Driver.o
                0x00003964                Nybble
 .text.command  0x00003988       0x2c NHD0420Driver.o
                0x00003988                command
 .text.write    0x000039b4       0x2c NHD0420Driver.o
                0x000039b4                write
 .text.vInitDisplay
                0x000039e0       0x88 NHD0420Driver.o
                0x000039e0                vInitDisplay
 .text._displaySetPos
                0x00003a68       0x4e NHD0420Driver.o
                0x00003a68                _displaySetPos
 .text._displayWriteChar
                0x00003ab6       0x12 NHD0420Driver.o
                0x00003ab6                _displayWriteChar
 .text._displayWriteString
                0x00003ac8       0x3e NHD0420Driver.o
                0x00003ac8                _displayWriteString
 .text._displayWriteStringAtPos
                0x00003b06       0x16 NHD0420Driver.o
                0x00003b06                _displayWriteStringAtPos
 .text.vDisplayUpdateTask
                0x00003b1c      0x1bc NHD0420Driver.o
                0x00003b1c                vDisplayUpdateTask
 .text.vDisplayClear
                0x00003cd8       0x16 NHD0420Driver.o
                0x00003cd8                vDisplayClear
 .text.vDisplayWriteStringAtPos
                0x00003cee      0x746 NHD0420Driver.o
                0x00003cee                vDisplayWriteStringAtPos
 .text.avr-libc.fplib
                0x00004434        0xe c:/program files (x86)/atmel/studio/7.0/toolchain/avr8/avr8-gnu-toolchain/bin/../lib/gcc/avr/5.4.0/../../../../avr/lib/avrxmega6\libm.a(addsf3.o)
                0x00004434                __subsf3
                0x00004436                __addsf3
 .text.avr-libc.fplib
                0x00004442       0xcc c:/program files (x86)/atmel/studio/7.0/toolchain/avr8/avr8-gnu-toolchain/bin/../lib/gcc/avr/5.4.0/../../../../avr/lib/avrxmega6\libm.a(addsf3x.o)
                0x00004464                __addsf3x
 .text.avr-libc.fplib
                0x0000450e        0xa c:/program files (x86)/atmel/studio/7.0/toolchain/avr8/avr8-gnu-toolchain/bin/../lib/gcc/avr/5.4.0/../../../../avr/lib/avrxmega6\libm.a(cmpsf2.o)
                0x0000450e                __nesf2
                0x0000450e                __eqsf2
                0x0000450e                __cmpsf2
                0x0000450e                __ltsf2
                0x0000450e                __lesf2
 .text.avr-libc.fplib
                0x00004518        0x8 c:/program files (x86)/atmel/studio/7.0/toolchain/avr8/avr8-gnu-toolchain/bin/../lib/gcc/avr/5.4.0/../../../../avr/lib/avrxmega6\libm.a(divsf3.o)
                0x00004518                __divsf3
 .text.avr-libc.fplib
                0x00004520       0xdc c:/program files (x86)/atmel/studio/7.0/toolchain/avr8/avr8-gnu-toolchain/bin/../lib/gcc/avr/5.4.0/../../../../avr/lib/avrxmega6\libm.a(divsf3x.o)
                0x00004540                __divsf3x
                0x00004546                __divsf3_pse
 .text.avr-libc.fplib
                0x000045fc        0xe c:/program files (x86)/atmel/studio/7.0/toolchain/avr8/avr8-gnu-toolchain/bin/../lib/gcc/avr/5.4.0/../../../../avr/lib/avrxmega6\libm.a(fixsfsi.o)
                0x000045fc                __fixsfsi
 .text.avr-libc.fplib
                0x0000460a       0x5e c:/program files (x86)/atmel/studio/7.0/toolchain/avr8/avr8-gnu-toolchain/bin/../lib/gcc/avr/5.4.0/../../../../avr/lib/avrxmega6\libm.a(fixunssfsi.o)
                0x0000460a                __fixunssfsi
 .text.avr-libc.fplib
                0x00004668       0x7a c:/program files (x86)/atmel/studio/7.0/toolchain/avr8/avr8-gnu-toolchain/bin/../lib/gcc/avr/5.4.0/../../../../avr/lib/avrxmega6\libm.a(floatsisf.o)
                0x00004668                __floatunsisf
                0x0000466c                __floatsisf
 .text.avr-libc.fplib
                0x000046e2       0x48 c:/program files (x86)/atmel/studio/7.0/toolchain/avr8/avr8-gnu-toolchain/bin/../lib/gcc/avr/5.4.0/../../../../avr/lib/avrxmega6\libm.a(fp_cmp.o)
                0x000046e2                __fp_cmp
 .text.avr-libc.fplib
                0x0000472a        0xc c:/program files (x86)/atmel/studio/7.0/toolchain/avr8/avr8-gnu-toolchain/bin/../lib/gcc/avr/5.4.0/../../../../avr/lib/avrxmega6\libm.a(fp_inf.o)
                0x0000472a                __fp_inf
 .text.avr-libc.fplib
                0x00004736        0x6 c:/program files (x86)/atmel/studio/7.0/toolchain/avr8/avr8-gnu-toolchain/bin/../lib/gcc/avr/5.4.0/../../../../avr/lib/avrxmega6\libm.a(fp_nan.o)
                0x00004736                __fp_nan
 .text.avr-libc.fplib
                0x0000473c        0xe c:/program files (x86)/atmel/studio/7.0/toolchain/avr8/avr8-gnu-toolchain/bin/../lib/gcc/avr/5.4.0/../../../../avr/lib/avrxmega6\libm.a(fp_pscA.o)
                0x0000473c                __fp_pscA
 .text.avr-libc.fplib
                0x0000474a        0xe c:/program files (x86)/atmel/studio/7.0/toolchain/avr8/avr8-gnu-toolchain/bin/../lib/gcc/avr/5.4.0/../../../../avr/lib/avrxmega6\libm.a(fp_pscB.o)
                0x0000474a                __fp_pscB
 .text.avr-libc.fplib
                0x00004758       0x22 c:/program files (x86)/atmel/studio/7.0/toolchain/avr8/avr8-gnu-toolchain/bin/../lib/gcc/avr/5.4.0/../../../../avr/lib/avrxmega6\libm.a(fp_round.o)
                0x00004758                __fp_round
 .text.avr-libc.fplib
                0x0000477a       0x44 c:/program files (x86)/atmel/studio/7.0/toolchain/avr8/avr8-gnu-toolchain/bin/../lib/gcc/avr/5.4.0/../../../../avr/lib/avrxmega6\libm.a(fp_split3.o)
                0x0000477a                __fp_split3
                0x0000478a                __fp_splitA
 .text.avr-libc.fplib
                0x000047be        0xe c:/program files (x86)/atmel/studio/7.0/toolchain/avr8/avr8-gnu-toolchain/bin/../lib/gcc/avr/5.4.0/../../../../avr/lib/avrxmega6\libm.a(fp_zero.o)
                0x000047be                __fp_zero
                0x000047c0                __fp_szero
 .text.avr-libc.fplib
                0x000047cc        0xa c:/program files (x86)/atmel/studio/7.0/toolchain/avr8/avr8-gnu-toolchain/bin/../lib/gcc/avr/5.4.0/../../../../avr/lib/avrxmega6\libm.a(gesf2.o)
                0x000047cc                __gesf2
                0x000047cc                __gtsf2
 .text.avr-libc.fplib
                0x000047d6        0x8 c:/program files (x86)/atmel/studio/7.0/toolchain/avr8/avr8-gnu-toolchain/bin/../lib/gcc/avr/5.4.0/../../../../avr/lib/avrxmega6\libm.a(mulsf3.o)
                0x000047d6                __mulsf3
 .text.avr-libc.fplib
                0x000047de       0xd2 c:/program files (x86)/atmel/studio/7.0/toolchain/avr8/avr8-gnu-toolchain/bin/../lib/gcc/avr/5.4.0/../../../../avr/lib/avrxmega6\libm.a(mulsf3x.o)
                0x000047fc                __mulsf3x
                0x00004802                __mulsf3_pse
 .text.avr-libc.fplib
                0x000048b0       0xa0 c:/program files (x86)/atmel/studio/7.0/toolchain/avr8/avr8-gnu-toolchain/bin/../lib/gcc/avr/5.4.0/../../../../avr/lib/avrxmega6\libm.a(pow.o)
                0x000048b0                pow
 .text.avr-libc.fplib
                0x00004950       0x74 c:/program files (x86)/atmel/studio/7.0/toolchain/avr8/avr8-gnu-toolchain/bin/../lib/gcc/avr/5.4.0/../../../../avr/lib/avrxmega6\libm.a(exp.o)
                0x00004960                exp
 .text.avr-libc.fplib
                0x000049c4       0x4e c:/program files (x86)/atmel/studio/7.0/toolchain/avr8/avr8-gnu-toolchain/bin/../lib/gcc/avr/5.4.0/../../../../avr/lib/avrxmega6\libm.a(fp_powser.o)
                0x000049c4                __fp_powser
 .text.avr-libc.fplib
                0x00004a12       0x10 c:/program files (x86)/atmel/studio/7.0/toolchain/avr8/avr8-gnu-toolchain/bin/../lib/gcc/avr/5.4.0/../../../../avr/lib/avrxmega6\libm.a(inverse.o)
                0x00004a12                inverse
 .text.avr-libc.fplib
                0x00004a22       0x74 c:/program files (x86)/atmel/studio/7.0/toolchain/avr8/avr8-gnu-toolchain/bin/../lib/gcc/avr/5.4.0/../../../../avr/lib/avrxmega6\libm.a(ldexp.o)
                0x00004a2a                ldexp
 .text.avr-libc.fplib
                0x00004a96       0xa0 c:/program files (x86)/atmel/studio/7.0/toolchain/avr8/avr8-gnu-toolchain/bin/../lib/gcc/avr/5.4.0/../../../../avr/lib/avrxmega6\libm.a(log.o)
                0x00004aa6                log
 .text.avr-libc.fplib
                0x00004b36       0x68 c:/program files (x86)/atmel/studio/7.0/toolchain/avr8/avr8-gnu-toolchain/bin/../lib/gcc/avr/5.4.0/../../../../avr/lib/avrxmega6\libm.a(modf.o)
                0x00004b36                modf
                0x00004b36                modff
 .text.avr-libc.fplib
                0x00004b9e       0x1c c:/program files (x86)/atmel/studio/7.0/toolchain/avr8/avr8-gnu-toolchain/bin/../lib/gcc/avr/5.4.0/../../../../avr/lib/avrxmega6\libm.a(fp_mpack.o)
                0x00004b9e                __fp_mpack
                0x00004ba2                __fp_mpack_finite
 .text.avr-libc
                0x00004bba      0x740 c:/program files (x86)/atmel/studio/7.0/toolchain/avr8/avr8-gnu-toolchain/bin/../lib/gcc/avr/5.4.0/../../../../avr/lib/avrxmega6\libprintf_flt.a(vfprintf_flt.o)
                0x00004bba                vfprintf
 .text.libgcc   0x000052fa       0x10 c:/program files (x86)/atmel/studio/7.0/toolchain/avr8/avr8-gnu-toolchain/bin/../lib/gcc/avr/5.4.0/avrxmega6\libgcc.a(_tablejump2.o)
                0x000052fa                __tablejump2__
 .text.avr-libc
                0x0000530a      0x1b0 c:/program files (x86)/atmel/studio/7.0/toolchain/avr8/avr8-gnu-toolchain/bin/../lib/gcc/avr/5.4.0/../../../../avr/lib/avrxmega6\libc.a(ftoa_engine.o)
                0x0000530a                __ftoa_engine
 .text.avr-libc
                0x000054ba       0x16 c:/program files (x86)/atmel/studio/7.0/toolchain/avr8/avr8-gnu-toolchain/bin/../lib/gcc/avr/5.4.0/../../../../avr/lib/avrxmega6\libc.a(strnlen_P.o)
                0x000054ba                strnlen_P
 .text.avr-libc
                0x000054d0       0x12 c:/program files (x86)/atmel/studio/7.0/toolchain/avr8/avr8-gnu-toolchain/bin/../lib/gcc/avr/5.4.0/../../../../avr/lib/avrxmega6\libc.a(memcpy.o)
                0x000054d0                memcpy
 .text.avr-libc
                0x000054e2        0xe c:/program files (x86)/atmel/studio/7.0/toolchain/avr8/avr8-gnu-toolchain/bin/../lib/gcc/avr/5.4.0/../../../../avr/lib/avrxmega6\libc.a(memset.o)
                0x000054e2                memset
 .text.avr-libc
                0x000054f0       0x16 c:/program files (x86)/atmel/studio/7.0/toolchain/avr8/avr8-gnu-toolchain/bin/../lib/gcc/avr/5.4.0/../../../../avr/lib/avrxmega6\libc.a(strnlen.o)
                0x000054f0                strnlen
 .text.avr-libc
                0x00005506       0x16 c:/program files (x86)/atmel/studio/7.0/toolchain/avr8/avr8-gnu-toolchain/bin/../lib/gcc/avr/5.4.0/../../../../avr/lib/avrxmega6\libc.a(itoa_ncheck.o)
                0x00005506                __itoa_ncheck
 .text.avr-libc
                0x0000551c       0x34 c:/program files (x86)/atmel/studio/7.0/toolchain/avr8/avr8-gnu-toolchain/bin/../lib/gcc/avr/5.4.0/../../../../avr/lib/avrxmega6\libc.a(utoa_ncheck.o)
                0x0000551c                __utoa_ncheck
                0x0000551e                __utoa_common
 .text.avr-libc
                0x00005550       0x78 c:/program files (x86)/atmel/studio/7.0/toolchain/avr8/avr8-gnu-toolchain/bin/../lib/gcc/avr/5.4.0/../../../../avr/lib/avrxmega6\libc.a(fputc.o)
                0x00005550                fputc
 .text.avr-libc
                0x000055c8       0x52 c:/program files (x86)/atmel/studio/7.0/toolchain/avr8/avr8-gnu-toolchain/bin/../lib/gcc/avr/5.4.0/../../../../avr/lib/avrxmega6\libc.a(sprintf.o)
                0x000055c8                sprintf
 .text.avr-libc
                0x0000561a       0xbc c:/program files (x86)/atmel/studio/7.0/toolchain/avr8/avr8-gnu-toolchain/bin/../lib/gcc/avr/5.4.0/../../../../avr/lib/avrxmega6\libc.a(ultoa_invert.o)
                0x0000561a                __ultoa_invert
 .text.avr-libc
                0x000056d6       0x20 c:/program files (x86)/atmel/studio/7.0/toolchain/avr8/avr8-gnu-toolchain/bin/../lib/gcc/avr/5.4.0/../../../../avr/lib/avrxmega6\libc.a(strrev.o)
                0x000056d6                strrev
                0x000056f6                . = ALIGN (0x2)
 *(.fini9)
 .fini9         0x000056f6        0x0 c:/program files (x86)/atmel/studio/7.0/toolchain/avr8/avr8-gnu-toolchain/bin/../lib/gcc/avr/5.4.0/avrxmega6\libgcc.a(_exit.o)
                0x000056f6                _exit
                0x000056f6                exit
 *(.fini9)
 *(.fini8)
 *(.fini8)
 *(.fini7)
 *(.fini7)
 *(.fini6)
 *(.fini6)
 *(.fini5)
 *(.fini5)
 *(.fini4)
 *(.fini4)
 *(.fini3)
 *(.fini3)
 *(.fini2)
 *(.fini2)
 *(.fini1)
 *(.fini1)
 *(.fini0)
 .fini0         0x000056f6        0x4 c:/program files (x86)/atmel/studio/7.0/toolchain/avr8/avr8-gnu-toolchain/bin/../lib/gcc/avr/5.4.0/avrxmega6\libgcc.a(_exit.o)
 *(.fini0)
                0x000056fa                _etext = .

.data           0x00802000       0x6a load address 0x000056fa
                0x00802000                PROVIDE (__data_start, .)
 *(.data)
 *(.data*)
 *(.gnu.linkonce.d*)
 *(.rodata)
 *(.rodata*)
 .rodata.str1.1
                0x00802000        0x5 FreeRTOS/tasks.o
 .rodata.str1.1
                0x00802005        0x8 FreeRTOS/timers.o
 .rodata.str1.1
                0x0080200d       0x51 main.o
 .rodata.str1.1
                0x0080205e        0xb NHD0420Driver.o
 *(.gnu.linkonce.r*)
                0x0080206a                . = ALIGN (0x2)
 *fill*         0x00802069        0x1 
                0x0080206a                _edata = .
                0x0080206a                PROVIDE (__data_end, .)

.bss            0x0080206a      0xcaf
                0x0080206a                PROVIDE (__bss_start, .)
 *(.bss)
 *(.bss*)
 .bss.b4Count.3832
                0x0080206a        0x2 ButtonHandler.o
 .bss.b3Count.3831
                0x0080206c        0x2 ButtonHandler.o
 .bss.b2Count.3830
                0x0080206e        0x2 ButtonHandler.o
 .bss.b1Count.3829
                0x00802070        0x2 ButtonHandler.o
 .bss.xNextFreeByte
                0x00802072        0x2 FreeRTOS/heap_1.o
 .bss.xHeap     0x00802074      0xbb8 FreeRTOS/heap_1.o
 .bss.uxSchedulerSuspended
                0x00802c2c        0x1 FreeRTOS/tasks.o
 .bss.xIdleTaskHandle
                0x00802c2d        0x2 FreeRTOS/tasks.o
 .bss.xNextTaskUnblockTime
                0x00802c2f        0x4 FreeRTOS/tasks.o
 .bss.uxTaskNumber
                0x00802c33        0x1 FreeRTOS/tasks.o
 .bss.xNumOfOverflows
                0x00802c34        0x1 FreeRTOS/tasks.o
 .bss.xYieldPending
                0x00802c35        0x1 FreeRTOS/tasks.o
 .bss.uxPendedTicks
                0x00802c36        0x1 FreeRTOS/tasks.o
 .bss.xSchedulerRunning
                0x00802c37        0x1 FreeRTOS/tasks.o
 .bss.uxTopReadyPriority
                0x00802c38        0x1 FreeRTOS/tasks.o
 .bss.xTickCount
                0x00802c39        0x4 FreeRTOS/tasks.o
 .bss.uxCurrentNumberOfTasks
                0x00802c3d        0x1 FreeRTOS/tasks.o
 .bss.xSuspendedTaskList
                0x00802c3e        0xb FreeRTOS/tasks.o
 .bss.uxDeletedTasksWaitingCleanUp
                0x00802c49        0x1 FreeRTOS/tasks.o
 .bss.xTasksWaitingTermination
                0x00802c4a        0xb FreeRTOS/tasks.o
 .bss.xPendingReadyList
                0x00802c55        0xb FreeRTOS/tasks.o
 .bss.pxOverflowDelayedTaskList
                0x00802c60        0x2 FreeRTOS/tasks.o
 .bss.pxDelayedTaskList
                0x00802c62        0x2 FreeRTOS/tasks.o
 .bss.xDelayedTaskList2
                0x00802c64        0xb FreeRTOS/tasks.o
 .bss.xDelayedTaskList1
                0x00802c6f        0xb FreeRTOS/tasks.o
 .bss.pxReadyTasksLists
                0x00802c7a       0x2c FreeRTOS/tasks.o
 .bss.pxCurrentTCB
                0x00802ca6        0x2 FreeRTOS/tasks.o
                0x00802ca6                pxCurrentTCB
 .bss.xLastTime.4745
                0x00802ca8        0x4 FreeRTOS/timers.o
 .bss.xTimerTaskHandle
                0x00802cac        0x2 FreeRTOS/timers.o
 .bss.xTimerQueue
                0x00802cae        0x2 FreeRTOS/timers.o
 .bss.pxOverflowTimerList
                0x00802cb0        0x2 FreeRTOS/timers.o
 .bss.pxCurrentTimerList
                0x00802cb2        0x2 FreeRTOS/timers.o
 .bss.xActiveTimerList2
                0x00802cb4        0xb FreeRTOS/timers.o
 .bss.xActiveTimerList1
                0x00802cbf        0xb FreeRTOS/timers.o
 .bss.IR_counter
                0x00802cca        0x4 main.o
                0x00802cca                IR_counter
 .bss.Timer_ms  0x00802cce        0x4 main.o
                0x00802cce                Timer_ms
 .bss.Pi_2      0x00802cd2        0x4 main.o
                0x00802cd2                Pi_2
 .bss.Pi        0x00802cd6        0x4 main.o
                0x00802cd6                Pi
 .bss.str.4996  0x00802cda       0x14 NHD0420Driver.o
 .bss.buffer.4995
                0x00802cee       0x14 NHD0420Driver.o
 *(COMMON)
 COMMON         0x00802d02        0x4 ButtonHandler.o
                0x00802d02                b1Status
                0x00802d03                b2Status
                0x00802d04                b3Status
                0x00802d05                b4Status
 COMMON         0x00802d06        0x1 FreeRTOS/port.o
                0x00802d06                intTaskSwitchPending
 COMMON         0x00802d07        0xe main.o
                0x00802d07                xSteuerTask
                0x00802d09                xKommunikation
                0x00802d0b                xTimeKom
                0x00802d0d                xButtonTaskHandle
                0x00802d0f                xKellalur
                0x00802d11                xLeibniz
                0x00802d13                xGetTime
 COMMON         0x00802d15        0x4 NHD0420Driver.o
                0x00802d15                displayLineQueue
                0x00802d17                egDisplayTiming
                0x00802d19                PROVIDE (__bss_end, .)
                0x000056fa                __data_load_start = LOADADDR (.data)
                0x00005764                __data_load_end = (__data_load_start + SIZEOF (.data))

.noinit         0x00802d19        0x0
                [!provide]                PROVIDE (__noinit_start, .)
 *(.noinit*)
                [!provide]                PROVIDE (__noinit_end, .)
                0x00802d19                _end = .
                0x00802d19                PROVIDE (__heap_start, .)

.eeprom         0x00810000        0x0
 *(.eeprom*)
                0x00810000                __eeprom_end = .

.fuse
 *(.fuse)
 *(.lfuse)
 *(.hfuse)
 *(.efuse)

.lock
 *(.lock*)

.signature
 *(.signature*)

.user_signatures
 *(.user_signatures*)

.stab
 *(.stab)

.stabstr
 *(.stabstr)

.stab.excl
 *(.stab.excl)

.stab.exclstr
 *(.stab.exclstr)

.stab.index
 *(.stab.index)

.stab.indexstr
 *(.stab.indexstr)

.comment        0x00000000       0x5c
 *(.comment)
 .comment       0x00000000       0x30 ButtonHandler.o
                                 0x31 (size before relaxing)
 .comment       0x00000030       0x31 driver/clksys_driver.o
 .comment       0x00000030       0x31 driver/TC_driver.o
 .comment       0x00000030       0x31 errorHandler.o
 .comment       0x00000030       0x31 FreeRTOS/event_groups.o
 .comment       0x00000030       0x31 FreeRTOS/heap_1.o
 .comment       0x00000030       0x31 FreeRTOS/list.o
 .comment       0x00000030       0x31 FreeRTOS/port.o
 .comment       0x00000030       0x31 FreeRTOS/queue.o
 .comment       0x00000030       0x31 FreeRTOS/tasks.o
 .comment       0x00000030       0x31 FreeRTOS/timers.o
 .comment       0x00000030       0x31 init.o
 .comment       0x00000030       0x31 main.o
 .comment       0x00000030       0x31 mem_check.o
 .comment       0x00000030       0x31 NHD0420Driver.o
 .comment       0x00000030       0x2c c:/program files (x86)/atmel/studio/7.0/toolchain/avr8/avr8-gnu-toolchain/bin/../lib/gcc/avr/5.4.0/../../../../avr/lib/avrxmega6\libprintf_flt.a(vfprintf_flt.o)
                                 0x2d (size before relaxing)
 .comment       0x0000005c       0x31 c:/program files (x86)/atmel/studio/7.0/toolchain/avr8/avr8-gnu-toolchain/bin/../lib/gcc/avr/5.4.0/../../../../avr/lib/avrxmega6\libc.a(fputc.o)
 .comment       0x0000005c       0x31 c:/program files (x86)/atmel/studio/7.0/toolchain/avr8/avr8-gnu-toolchain/bin/../lib/gcc/avr/5.4.0/../../../../avr/lib/avrxmega6\libc.a(sprintf.o)

.note.gnu.avr.deviceinfo
                0x00000000       0x40
 .note.gnu.avr.deviceinfo
                0x00000000       0x40 C:/Program Files (x86)/Atmel/Studio/7.0/Packs/atmel/XMEGAA_DFP/1.1.68/gcc/dev/atxmega128a3u/avrxmega6/crtatxmega128a3u.o

.note.gnu.build-id
 *(.note.gnu.build-id)

.debug
 *(.debug)

.line
 *(.line)

.debug_srcinfo
 *(.debug_srcinfo)

.debug_sfnames
 *(.debug_sfnames)

.debug_aranges  0x00000000      0x768
 *(.debug_aranges)
 .debug_aranges
                0x00000000       0x30 ButtonHandler.o
 .debug_aranges
                0x00000030       0x68 driver/clksys_driver.o
 .debug_aranges
                0x00000098       0xc8 driver/TC_driver.o
 .debug_aranges
                0x00000160       0x40 errorHandler.o
 .debug_aranges
                0x000001a0       0x80 FreeRTOS/event_groups.o
 .debug_aranges
                0x00000220       0x38 FreeRTOS/heap_1.o
 .debug_aranges
                0x00000258       0x40 FreeRTOS/list.o
 .debug_aranges
                0x00000298       0x50 FreeRTOS/port.o
 .debug_aranges
                0x000002e8      0x100 FreeRTOS/queue.o
 .debug_aranges
                0x000003e8      0x188 FreeRTOS/tasks.o
 .debug_aranges
                0x00000570       0xa8 FreeRTOS/timers.o
 .debug_aranges
                0x00000618       0x20 init.o
 .debug_aranges
                0x00000638       0x58 main.o
 .debug_aranges
                0x00000690       0x28 mem_check.o
 .debug_aranges
                0x000006b8       0xb0 NHD0420Driver.o

.debug_pubnames
 *(.debug_pubnames)

.debug_info     0x00000000     0xf8b9
 *(.debug_info .gnu.linkonce.wi.*)
 .debug_info    0x00000000     0x3409 C:/Program Files (x86)/Atmel/Studio/7.0/Packs/atmel/XMEGAA_DFP/1.1.68/gcc/dev/atxmega128a3u/avrxmega6/crtatxmega128a3u.o
 .debug_info    0x00003409      0x35d ButtonHandler.o
 .debug_info    0x00003766      0x66d driver/clksys_driver.o
 .debug_info    0x00003dd3     0x1335 driver/TC_driver.o
 .debug_info    0x00005108      0x247 errorHandler.o
 .debug_info    0x0000534f      0xc58 FreeRTOS/event_groups.o
 .debug_info    0x00005fa7      0x1a0 FreeRTOS/heap_1.o
 .debug_info    0x00006147      0x2cf FreeRTOS/list.o
 .debug_info    0x00006416      0xadf FreeRTOS/port.o
 .debug_info    0x00006ef5     0x198f FreeRTOS/queue.o
 .debug_info    0x00008884     0x24f7 FreeRTOS/tasks.o
 .debug_info    0x0000ad7b     0x12ac FreeRTOS/timers.o
 .debug_info    0x0000c027      0x338 init.o
 .debug_info    0x0000c35f     0x1a07 main.o
 .debug_info    0x0000dd66       0xd0 mem_check.o
 .debug_info    0x0000de36     0x1a83 NHD0420Driver.o

.debug_abbrev   0x00000000     0x4fbc
 *(.debug_abbrev)
 .debug_abbrev  0x00000000     0x3148 C:/Program Files (x86)/Atmel/Studio/7.0/Packs/atmel/XMEGAA_DFP/1.1.68/gcc/dev/atxmega128a3u/avrxmega6/crtatxmega128a3u.o
 .debug_abbrev  0x00003148      0x111 ButtonHandler.o
 .debug_abbrev  0x00003259      0x19d driver/clksys_driver.o
 .debug_abbrev  0x000033f6      0x187 driver/TC_driver.o
 .debug_abbrev  0x0000357d      0x187 errorHandler.o
 .debug_abbrev  0x00003704      0x237 FreeRTOS/event_groups.o
 .debug_abbrev  0x0000393b      0x136 FreeRTOS/heap_1.o
 .debug_abbrev  0x00003a71       0xff FreeRTOS/list.o
 .debug_abbrev  0x00003b70      0x29d FreeRTOS/port.o
 .debug_abbrev  0x00003e0d      0x2e0 FreeRTOS/queue.o
 .debug_abbrev  0x000040ed      0x363 FreeRTOS/tasks.o
 .debug_abbrev  0x00004450      0x2fc FreeRTOS/timers.o
 .debug_abbrev  0x0000474c       0xd5 init.o
 .debug_abbrev  0x00004821      0x2c0 main.o
 .debug_abbrev  0x00004ae1       0x96 mem_check.o
 .debug_abbrev  0x00004b77      0x445 NHD0420Driver.o

.debug_line     0x00000000     0x50c3
 *(.debug_line .debug_line.* .debug_line_end)
 .debug_line    0x00000000      0x39d C:/Program Files (x86)/Atmel/Studio/7.0/Packs/atmel/XMEGAA_DFP/1.1.68/gcc/dev/atxmega128a3u/avrxmega6/crtatxmega128a3u.o
 .debug_line    0x0000039d      0x25f ButtonHandler.o
 .debug_line    0x000005fc      0x249 driver/clksys_driver.o
 .debug_line    0x00000845      0x2fc driver/TC_driver.o
 .debug_line    0x00000b41      0x187 errorHandler.o
 .debug_line    0x00000cc8      0x4aa FreeRTOS/event_groups.o
 .debug_line    0x00001172      0x14c FreeRTOS/heap_1.o
 .debug_line    0x000012be      0x1ea FreeRTOS/list.o
 .debug_line    0x000014a8      0x37e FreeRTOS/port.o
 .debug_line    0x00001826      0xd1a FreeRTOS/queue.o
 .debug_line    0x00002540     0x13ca FreeRTOS/tasks.o
 .debug_line    0x0000390a      0x57d FreeRTOS/timers.o
 .debug_line    0x00003e87      0x181 init.o
 .debug_line    0x00004008      0x67e main.o
 .debug_line    0x00004686       0x72 mem_check.o
 .debug_line    0x000046f8      0x9cb NHD0420Driver.o

.debug_frame    0x00000000     0x1838
 *(.debug_frame)
 .debug_frame   0x00000000       0x44 ButtonHandler.o
 .debug_frame   0x00000044       0xdc driver/clksys_driver.o
 .debug_frame   0x00000120      0x174 driver/TC_driver.o
 .debug_frame   0x00000294       0x64 errorHandler.o
 .debug_frame   0x000002f8      0x228 FreeRTOS/event_groups.o
 .debug_frame   0x00000520       0x60 FreeRTOS/heap_1.o
 .debug_frame   0x00000580       0x90 FreeRTOS/list.o
 .debug_frame   0x00000610       0xa0 FreeRTOS/port.o
 .debug_frame   0x000006b0      0x418 FreeRTOS/queue.o
 .debug_frame   0x00000ac8      0x6b4 FreeRTOS/tasks.o
 .debug_frame   0x0000117c      0x2ac FreeRTOS/timers.o
 .debug_frame   0x00001428       0x24 init.o
 .debug_frame   0x0000144c      0x140 main.o
 .debug_frame   0x0000158c       0x34 mem_check.o
 .debug_frame   0x000015c0      0x278 NHD0420Driver.o

.debug_str      0x00000000     0x570e
 *(.debug_str)
 .debug_str     0x00000000     0x223b C:/Program Files (x86)/Atmel/Studio/7.0/Packs/atmel/XMEGAA_DFP/1.1.68/gcc/dev/atxmega128a3u/avrxmega6/crtatxmega128a3u.o
 .debug_str     0x0000223b      0x336 ButtonHandler.o
                                0x36a (size before relaxing)
 .debug_str     0x00002571      0x63a driver/clksys_driver.o
                                0x7e6 (size before relaxing)
 .debug_str     0x00002bab      0xb24 driver/TC_driver.o
                                0xce3 (size before relaxing)
 .debug_str     0x000036cf       0xaa errorHandler.o
                                0x26f (size before relaxing)
 .debug_str     0x00003779      0x53a FreeRTOS/event_groups.o
                                0x76d (size before relaxing)
 .debug_str     0x00003cb3       0x8a FreeRTOS/heap_1.o
                                0x244 (size before relaxing)
 .debug_str     0x00003d3d       0x90 FreeRTOS/list.o
                                0x2da (size before relaxing)
 .debug_str     0x00003dcd      0x141 FreeRTOS/port.o
                                0x86a (size before relaxing)
 .debug_str     0x00003f0e      0x543 FreeRTOS/queue.o
                                0x95b (size before relaxing)
 .debug_str     0x00004451      0x9ef FreeRTOS/tasks.o
                               0x1088 (size before relaxing)
 .debug_str     0x00004e40      0x4d4 FreeRTOS/timers.o
                                0x906 (size before relaxing)
 .debug_str     0x00005314       0x17 init.o
                                0x52b (size before relaxing)
 .debug_str     0x0000532b      0x18c main.o
                                0x8b7 (size before relaxing)
 .debug_str     0x000054b7       0x49 mem_check.o
                                0x1cf (size before relaxing)
 .debug_str     0x00005500      0x20e NHD0420Driver.o
                                0xad5 (size before relaxing)

.debug_loc      0x00000000     0x935d
 *(.debug_loc)
 .debug_loc     0x00000000       0x85 ButtonHandler.o
 .debug_loc     0x00000085      0x2cf driver/clksys_driver.o
 .debug_loc     0x00000354      0x336 driver/TC_driver.o
 .debug_loc     0x0000068a       0x97 errorHandler.o
 .debug_loc     0x00000721     0x1086 FreeRTOS/event_groups.o
 .debug_loc     0x000017a7       0xf1 FreeRTOS/heap_1.o
 .debug_loc     0x00001898      0x17d FreeRTOS/list.o
 .debug_loc     0x00001a15      0x33e FreeRTOS/port.o
 .debug_loc     0x00001d53     0x1d3d FreeRTOS/queue.o
 .debug_loc     0x00003a90     0x2ae5 FreeRTOS/tasks.o
 .debug_loc     0x00006575     0x1038 FreeRTOS/timers.o
 .debug_loc     0x000075ad      0x727 main.o
 .debug_loc     0x00007cd4       0x24 mem_check.o
 .debug_loc     0x00007cf8     0x1665 NHD0420Driver.o

.debug_macinfo
 *(.debug_macinfo)

.debug_weaknames
 *(.debug_weaknames)

.debug_funcnames
 *(.debug_funcnames)

.debug_typenames
 *(.debug_typenames)

.debug_varnames
 *(.debug_varnames)

.debug_pubtypes
 *(.debug_pubtypes)

.debug_ranges   0x00000000      0x830
 *(.debug_ranges)
 .debug_ranges  0x00000000       0x20 ButtonHandler.o
 .debug_ranges  0x00000020       0x58 driver/clksys_driver.o
 .debug_ranges  0x00000078       0xb8 driver/TC_driver.o
 .debug_ranges  0x00000130       0x30 errorHandler.o
 .debug_ranges  0x00000160       0x88 FreeRTOS/event_groups.o
 .debug_ranges  0x000001e8       0x28 FreeRTOS/heap_1.o
 .debug_ranges  0x00000210       0x30 FreeRTOS/list.o
 .debug_ranges  0x00000240       0x40 FreeRTOS/port.o
 .debug_ranges  0x00000280      0x138 FreeRTOS/queue.o
 .debug_ranges  0x000003b8      0x1f0 FreeRTOS/tasks.o
 .debug_ranges  0x000005a8       0xe8 FreeRTOS/timers.o
 .debug_ranges  0x00000690       0x10 init.o
 .debug_ranges  0x000006a0       0x48 main.o
 .debug_ranges  0x000006e8       0x18 mem_check.o
 .debug_ranges  0x00000700      0x130 NHD0420Driver.o

.debug_macro
 *(.debug_macro)
OUTPUT(Calculating_Pi.elf elf32-avr)
LOAD linker stubs
